// Jest Snapshot v1, https://goo.gl/fbAQLP

exports[`<StatusBarPadding /> renders correctly 1`] = `<View />`;
